#-----------------------------------------------------------
# Vivado v2021.2 (64-bit)
# SW Build 3367213 on Tue Oct 19 02:48:09 MDT 2021
# IP Build 3369179 on Thu Oct 21 08:25:16 MDT 2021
# Start of session at: Sun Nov 17 16:51:03 2024
# Process ID: 11528
# Current directory: C:/Users/nicol/Documents/GitHub/tx-16-QAM
# Command line: vivado.exe -gui_launcher_event rodinguilauncherevent9368 C:\Users\nicol\Documents\GitHub\tx-16-QAM\project_XADC_v2018_4.xpr
# Log file: C:/Users/nicol/Documents/GitHub/tx-16-QAM/vivado.log
# Journal file: C:/Users/nicol/Documents/GitHub/tx-16-QAM\vivado.jou
# Running On: workstation, OS: Windows, CPU Frequency: 3600 MHz, CPU Physical cores: 16, Host memory: 34307 MB
#-----------------------------------------------------------
start_gui
open_project C:/Users/nicol/Documents/GitHub/tx-16-QAM/project_XADC_v2018_4.xpr
update_compile_order -fileset sources_1
open_bd_design {C:/Users/nicol/Documents/GitHub/tx-16-QAM/project_XADC_v2018_4.srcs/sources_1/bd/FULL_QAM_TX/FULL_QAM_TX.bd}
make_wrapper -files [get_files C:/Users/nicol/Documents/GitHub/tx-16-QAM/project_XADC_v2018_4.srcs/sources_1/bd/FULL_QAM_TX/FULL_QAM_TX.bd] -top
add_files -norecurse c:/Users/nicol/Documents/GitHub/tx-16-QAM/project_XADC_v2018_4.gen/sources_1/bd/FULL_QAM_TX/hdl/FULL_QAM_TX_wrapper.vhd
update_compile_order -fileset sources_1
update_compile_order -fileset sim_1
open_bd_design {C:/Users/nicol/Documents/GitHub/tx-16-QAM/project_XADC_v2018_4.srcs/sources_1/bd/XADC_FIFO/XADC_FIFO.bd}
open_bd_design {C:/Users/nicol/Documents/GitHub/tx-16-QAM/project_XADC_v2018_4.srcs/sources_1/bd/FULL_QAM_TX/FULL_QAM_TX.bd}
startgroup
make_bd_pins_external  [get_bd_pins XADC_FIFO_0/fifo_din]
endgroup
save_bd_design
export_ip_user_files -of_objects  [get_files c:/Users/nicol/Documents/GitHub/tx-16-QAM/project_XADC_v2018_4.gen/sources_1/bd/FULL_QAM_TX/hdl/FULL_QAM_TX_wrapper.vhd] -no_script -reset -force -quiet
remove_files  c:/Users/nicol/Documents/GitHub/tx-16-QAM/project_XADC_v2018_4.gen/sources_1/bd/FULL_QAM_TX/hdl/FULL_QAM_TX_wrapper.vhd
file delete -force c:/Users/nicol/Documents/GitHub/tx-16-QAM/project_XADC_v2018_4.gen/sources_1/bd/FULL_QAM_TX/hdl/FULL_QAM_TX_wrapper.vhd
update_compile_order -fileset sources_1
make_wrapper -files [get_files C:/Users/nicol/Documents/GitHub/tx-16-QAM/project_XADC_v2018_4.srcs/sources_1/bd/FULL_QAM_TX/FULL_QAM_TX.bd] -top
add_files -norecurse c:/Users/nicol/Documents/GitHub/tx-16-QAM/project_XADC_v2018_4.gen/sources_1/bd/FULL_QAM_TX/hdl/FULL_QAM_TX_wrapper.vhd
update_compile_order -fileset sources_1
export_ip_user_files -of_objects  [get_files c:/Users/nicol/Documents/GitHub/tx-16-QAM/project_XADC_v2018_4.gen/sources_1/bd/FULL_QAM_TX/hdl/FULL_QAM_TX_wrapper.vhd] -no_script -reset -force -quiet
remove_files  c:/Users/nicol/Documents/GitHub/tx-16-QAM/project_XADC_v2018_4.gen/sources_1/bd/FULL_QAM_TX/hdl/FULL_QAM_TX_wrapper.vhd
file delete -force c:/Users/nicol/Documents/GitHub/tx-16-QAM/project_XADC_v2018_4.gen/sources_1/bd/FULL_QAM_TX/hdl/FULL_QAM_TX_wrapper.vhd
update_compile_order -fileset sources_1
